\BOOKMARK [1][-]{section.1}{\376\377\000I\000n\000t\000r\000o\000d\000u\000c\000t\000i\000o\000n}{}% 1
\BOOKMARK [1][-]{section.2}{\376\377\000W\000o\000r\000k\000l\000o\000a\000d\000\040\000C\000h\000a\000r\000a\000c\000t\000e\000r\000i\000z\000a\000t\000i\000o\000n}{}% 2
\BOOKMARK [1][-]{section.3}{\376\377\000W\000o\000r\000k\000l\000o\000a\000d\000\040\000C\000h\000a\000r\000a\000c\000t\000e\000r\000i\000s\000a\000t\000i\000o\000n}{}% 3
\BOOKMARK [2][-]{subsection.3.1}{\376\377\000S\000y\000n\000c\000-\000H\000e\000a\000v\000y\000\040\000S\000m\000a\000l\000l\000\040\000W\000r\000i\000t\000e\000s\000\040\000W\000o\000r\000k\000l\000o\000a\000d}{section.3}% 4
\BOOKMARK [3][-]{subsubsection.3.1.1}{\376\377\000W\000o\000r\000k\000l\000o\000a\000d\000\040\000D\000e\000s\000c\000r\000i\000p\000t\000i\000o\000n}{subsection.3.1}% 5
\BOOKMARK [3][-]{subsubsection.3.1.2}{\376\377\000T\000h\000r\000o\000u\000g\000h\000p\000u\000t\000\040\000a\000n\000d\000\040\000L\000a\000t\000e\000n\000c\000y}{subsection.3.1}% 6
\BOOKMARK [3][-]{subsubsection.3.1.3}{\376\377\000I\000m\000p\000a\000c\000t\000\040\000o\000f\000\040\000f\000s\000y\000n\000c}{subsection.3.1}% 7
\BOOKMARK [3][-]{subsubsection.3.1.4}{\376\377\000P\000h\000y\000s\000i\000c\000a\000l\000\040\000B\000y\000t\000e\000s\000\040\000a\000n\000d\000\040\000W\000r\000i\000t\000e\000\040\000A\000m\000p\000l\000i\000f\000i\000c\000a\000t\000i\000o\000n}{subsection.3.1}% 8
\BOOKMARK [3][-]{subsubsection.3.1.5}{\376\377\000J\000B\000D\0002\000\040\000C\000o\000m\000m\000i\000t\000\040\000P\000e\000r\000c\000e\000n\000t\000a\000g\000e\000\040\000o\000f\000\040\000B\000e\000n\000c\000h\000m\000a\000r\000k\000\040\000T\000i\000m\000e}{subsection.3.1}% 9
\BOOKMARK [3][-]{subsubsection.3.1.6}{\376\377\000C\000o\000n\000c\000l\000u\000s\000i\000o\000n}{subsection.3.1}% 10
\BOOKMARK [2][-]{subsection.3.2}{\376\377\000S\000e\000q\000u\000e\000n\000t\000i\000a\000l\000\040\000W\000r\000i\000t\000e\000\040\000W\000o\000r\000k\000l\000o\000a\000d}{section.3}% 11
\BOOKMARK [3][-]{subsubsection.3.2.1}{\376\377\000W\000o\000r\000k\000l\000o\000a\000d\000\040\000D\000e\000s\000c\000r\000i\000p\000t\000i\000o\000n}{subsection.3.2}% 12
\BOOKMARK [3][-]{subsubsection.3.2.2}{\376\377\000T\000h\000r\000o\000u\000g\000h\000p\000u\000t\000\040\000a\000n\000d\000\040\000L\000a\000t\000e\000n\000c\000y}{subsection.3.2}% 13
\BOOKMARK [3][-]{subsubsection.3.2.3}{\376\377\000W\000r\000i\000t\000e\000\040\000A\000m\000p\000l\000i\000f\000i\000c\000a\000t\000i\000o\000n\000\040\000a\000n\000d\000\040\000C\000o\000m\000m\000i\000t\000\040\000B\000e\000h\000a\000v\000i\000o\000u\000r}{subsection.3.2}% 14
\BOOKMARK [3][-]{subsubsection.3.2.4}{\376\377\000C\000o\000n\000c\000l\000u\000s\000i\000o\000n}{subsection.3.2}% 15
\BOOKMARK [2][-]{subsection.3.3}{\376\377\000C\000o\000m\000b\000i\000n\000e\000d\000\040\000W\000o\000r\000k\000l\000o\000a\000d}{section.3}% 16
\BOOKMARK [3][-]{subsubsection.3.3.1}{\376\377\000T\000h\000r\000o\000u\000g\000h\000p\000u\000t\000\040\000a\000n\000d\000\040\000L\000a\000t\000e\000n\000c\000y}{subsection.3.3}% 17
\BOOKMARK [3][-]{subsubsection.3.3.2}{\376\377\000C\000o\000n\000c\000l\000u\000s\000i\000o\000n}{subsection.3.3}% 18
\BOOKMARK [1][-]{section.4}{\376\377\000O\000p\000t\000i\000m\000i\000z\000a\000t\000i\000o\000n\000\040\000C\000a\000n\000d\000i\000d\000a\000t\000e\000s\000:\000\040\000O\000v\000e\000r\000v\000i\000e\000w}{}% 19
\BOOKMARK [2][-]{subsection.4.1}{\376\377\000C\000a\000n\000d\000i\000d\000a\000t\000e\000\040\000s\000e\000l\000e\000c\000t\000i\000o\000n\000\040\000m\000e\000t\000h\000o\000d\000o\000l\000o\000g\000y}{section.4}% 20
\BOOKMARK [1][-]{section.5}{\376\377\000C\000a\000n\000d\000i\000d\000a\000t\000e\000s\000\040\0001\000\040\000a\000n\000d\000\040\0002\000:\000\040\000D\000i\000d\000\040\000N\000o\000t\000\040\000M\000e\000a\000s\000u\000r\000e}{}% 21
\BOOKMARK [2][-]{subsection.5.1}{\376\377\000C\0001\000:\000\040\000f\000a\000s\000t\000-\000c\000o\000m\000m\000i\000t\000\040\000b\000a\000r\000r\000i\000e\000r\000\040\000d\000e\000f\000e\000r\000r\000a\000l}{section.5}% 22
\BOOKMARK [3][-]{subsubsection.5.1.1}{\376\377\000T\000h\000e\000\040\000d\000e\000v\000e\000l\000o\000p\000e\000r\000\040\000T\000O\000D\000O}{subsection.5.1}% 23
\BOOKMARK [3][-]{subsubsection.5.1.2}{\376\377\000W\000h\000a\000t\000\040\000w\000e\000\040\000i\000m\000p\000l\000e\000m\000e\000n\000t\000e\000d}{subsection.5.1}% 24
\BOOKMARK [3][-]{subsubsection.5.1.3}{\376\377\000C\000o\000r\000r\000e\000c\000t\000n\000e\000s\000s\000\040\000a\000n\000a\000l\000y\000s\000i\000s}{subsection.5.1}% 25
\BOOKMARK [3][-]{subsubsection.5.1.4}{\376\377\000W\000h\000y\000\040\000i\000t\000\040\000d\000i\000d\000\040\000n\000o\000t\000\040\000w\000o\000r\000k}{subsection.5.1}% 26
\BOOKMARK [2][-]{subsection.5.2}{\376\377\000C\0002\000:\000\040\000a\000s\000y\000n\000c\000\040\000b\000i\000t\000m\000a\000p\000\040\000p\000r\000e\000f\000e\000t\000c\000h\000\040\000c\000o\000m\000p\000l\000e\000t\000i\000o\000n}{section.5}% 27
\BOOKMARK [3][-]{subsubsection.5.2.1}{\376\377\000T\000h\000e\000\040\000d\000e\000v\000e\000l\000o\000p\000e\000r\000\040\000T\000O\000D\000O}{subsection.5.2}% 28
\BOOKMARK [3][-]{subsubsection.5.2.2}{\376\377\000T\000h\000r\000e\000e\000\040\000i\000m\000p\000l\000e\000m\000e\000n\000t\000a\000t\000i\000o\000n\000\040\000s\000h\000a\000p\000e\000s\000\040\000c\000o\000n\000s\000i\000d\000e\000r\000e\000d}{subsection.5.2}% 29
\BOOKMARK [3][-]{subsubsection.5.2.3}{\376\377\000C\000o\000r\000r\000e\000c\000t\000n\000e\000s\000s\000\040\000a\000n\000a\000l\000y\000s\000i\000s}{subsection.5.2}% 30
\BOOKMARK [3][-]{subsubsection.5.2.4}{\376\377\000B\000u\000g\000s\000\040\000c\000a\000u\000g\000h\000t\000\040\000d\000u\000r\000i\000n\000g\000\040\000c\000o\000d\000e\000\040\000r\000e\000v\000i\000e\000w}{subsection.5.2}% 31
\BOOKMARK [3][-]{subsubsection.5.2.5}{\376\377\000W\000h\000y\000\040\000i\000t\000\040\000d\000i\000d\000\040\000n\000o\000t\000\040\000w\000o\000r\000k}{subsection.5.2}% 32
\BOOKMARK [1][-]{section.6}{\376\377\000C\000a\000n\000d\000i\000d\000a\000t\000e\000\040\0003\000:\000\040\000F\000a\000s\000t\000\040\000C\000o\000m\000m\000i\000t\000\040\000S\000u\000p\000p\000o\000r\000t\000\040\000f\000o\000r\000\040\000I\000n\000l\000i\000n\000e\000\040\000x\000a\000t\000t\000r\000s}{}% 33
\BOOKMARK [2][-]{subsection.6.1}{\376\377\000I\000n\000t\000u\000i\000t\000i\000o\000n}{section.6}% 34
\BOOKMARK [2][-]{subsection.6.2}{\376\377\000W\000h\000e\000r\000e\000\040\000x\000a\000t\000t\000r\000s\000\040\000l\000i\000v\000e\000\040\000i\000n\000\040\000e\000x\000t\0004}{section.6}% 35
\BOOKMARK [2][-]{subsection.6.3}{\376\377\000C\000o\000d\000e\000\040\000a\000n\000a\000l\000y\000s\000i\000s}{section.6}% 36
\BOOKMARK [2][-]{subsection.6.4}{\376\377\000D\000e\000s\000i\000g\000n\000\040\000a\000n\000d\000\040\000i\000m\000p\000l\000e\000m\000e\000n\000t\000a\000t\000i\000o\000n}{section.6}% 37
\BOOKMARK [2][-]{subsection.6.5}{\376\377\000C\000o\000r\000r\000e\000c\000t\000n\000e\000s\000s}{section.6}% 38
\BOOKMARK [2][-]{subsection.6.6}{\376\377\000R\000e\000s\000u\000l\000t\000s}{section.6}% 39
\BOOKMARK [1][-]{section.7}{\376\377\000C\000a\000n\000d\000i\000d\000a\000t\000e\000\040\0004\000:\000\040\000F\000a\000s\000t\000\040\000C\000o\000m\000m\000i\000t\000\040\000S\000u\000p\000p\000o\000r\000t\000\040\000f\000o\000r\000\040\000f\000a\000l\000l\000o\000c\000a\000t\000e\000\040\000R\000a\000n\000g\000e\000\040\000O\000p\000e\000r\000a\000t\000i\000o\000n\000s}{}% 40
\BOOKMARK [2][-]{subsection.7.1}{\376\377\000I\000n\000t\000u\000i\000t\000i\000o\000n}{section.7}% 41
\BOOKMARK [2][-]{subsection.7.2}{\376\377\000C\000h\000a\000r\000a\000c\000t\000e\000r\000i\000s\000a\000t\000i\000o\000n\000\040\000f\000i\000r\000s\000t}{section.7}% 42
\BOOKMARK [2][-]{subsection.7.3}{\376\377\000C\000o\000d\000e\000\040\000a\000n\000a\000l\000y\000s\000i\000s}{section.7}% 43
\BOOKMARK [2][-]{subsection.7.4}{\376\377\000D\000e\000s\000i\000g\000n\000\040\000a\000n\000d\000\040\000i\000m\000p\000l\000e\000m\000e\000n\000t\000a\000t\000i\000o\000n}{section.7}% 44
\BOOKMARK [2][-]{subsection.7.5}{\376\377\000C\000o\000r\000r\000e\000c\000t\000n\000e\000s\000s}{section.7}% 45
\BOOKMARK [2][-]{subsection.7.6}{\376\377\000R\000e\000s\000u\000l\000t\000s}{section.7}% 46
\BOOKMARK [1][-]{section.8}{\376\377\000D\000i\000s\000c\000u\000s\000s\000i\000o\000n\000:\000\040\000W\000h\000y\000\040\000C\0003\000\040\000a\000n\000d\000\040\000C\0004\000\040\000W\000o\000r\000k\000e\000d\000\040\000W\000h\000e\000r\000e\000\040\000C\0001\000\040\000a\000n\000d\000\040\000C\0002\000\040\000D\000i\000d\000\040\000N\000o\000t}{}% 47
\BOOKMARK [1][-]{section.9}{\376\377\000C\000a\000n\000d\000i\000d\000a\000t\000e\000\040\0005\000:\000\040\000L\000o\000c\000k\000l\000e\000s\000s\000\040\000C\000A\000S\000\040\000f\000o\000r\000\040\000j\000b\000d\0002\000\137\000l\000o\000g\000\137\000w\000a\000i\000t\000\137\000c\000o\000m\000m\000i\000t}{}% 48
\BOOKMARK [2][-]{subsection.9.1}{\376\377\000A\000n\000a\000l\000y\000z\000i\000n\000g\000\040\000t\000h\000e\000\040\000l\000o\000c\000k\000\040\000l\000a\000t\000e\000n\000c\000y\000\040\000o\000f\000\040\000J\000B\000D\0002}{section.9}% 49
\BOOKMARK [2][-]{subsection.9.2}{\376\377\000I\000d\000e\000n\000t\000i\000f\000y\000i\000n\000g\000\040\000l\000o\000c\000k\000\040\000c\000o\000n\000t\000e\000n\000t\000i\000o\000n\000\040\000t\000i\000m\000e}{section.9}% 50
\BOOKMARK [2][-]{subsection.9.3}{\376\377\000M\000i\000t\000i\000g\000a\000t\000i\000n\000g\000\040\000l\000o\000c\000k\000\040\000c\000o\000n\000t\000e\000n\000t\000i\000o\000n\000\040\000w\000i\000t\000h\000\040\000C\000A\000S\000\040\000s\000y\000n\000c\000h\000r\000o\000n\000i\000z\000a\000t\000i\000o\000n}{section.9}% 51
\BOOKMARK [2][-]{subsection.9.4}{\376\377\000B\000e\000n\000c\000h\000m\000a\000r\000k\000\040\000e\000v\000a\000l\000u\000a\000t\000i\000o\000n\000\040\000a\000n\000d\000\040\000t\000h\000r\000e\000a\000d\000\040\000s\000c\000a\000l\000i\000n\000g}{section.9}% 52
\BOOKMARK [1][-]{section.10}{\376\377\000C\000a\000n\000d\000i\000d\000a\000t\000e\000\040\0006\000:\000\040\000F\000r\000a\000g\000m\000e\000n\000t\000e\000d\000\040\000J\000o\000u\000r\000n\000a\000l\000\040\000M\000a\000p\000\040\000\050\000F\000J\000M\000\051\000\040\000f\000o\000r\000\040\000e\000x\000t\0004}{}% 53
\BOOKMARK [2][-]{subsection.10.1}{\376\377\000C\000o\000n\000v\000e\000n\000t\000i\000o\000n\000a\000l\000\040\000v\000s\000.\000\040\000f\000r\000a\000g\000m\000e\000n\000t\000e\000d\000\040\000j\000o\000u\000r\000n\000a\000l\000i\000n\000g}{section.10}% 54
\BOOKMARK [2][-]{subsection.10.2}{\376\377\000M\000a\000i\000n\000t\000a\000i\000n\000i\000n\000g\000\040\000t\000h\000e\000\040\000j\000o\000u\000r\000n\000a\000l\000\040\000a\000n\000d\000\040\000c\000i\000r\000c\000u\000l\000a\000r\000\040\000t\000r\000a\000n\000s\000a\000c\000t\000i\000o\000n\000\040\000s\000e\000q\000u\000e\000n\000c\000e}{section.10}% 55
\BOOKMARK [2][-]{subsection.10.3}{\376\377\000F\000r\000a\000g\000m\000e\000n\000t\000e\000d\000\040\000b\000l\000o\000c\000k\000\040\000o\000c\000c\000u\000p\000a\000t\000i\000o\000n}{section.10}% 56
\BOOKMARK [2][-]{subsection.10.4}{\376\377\000J\000o\000u\000r\000n\000a\000l\000\040\000s\000p\000a\000c\000e\000\040\000e\000f\000f\000i\000c\000i\000e\000n\000c\000y}{section.10}% 57
\BOOKMARK [2][-]{subsection.10.5}{\376\377\000R\000e\000d\000u\000n\000d\000a\000n\000c\000y\000\040\000o\000f\000\040\000c\000r\000e\000d\000i\000t\000-\000b\000a\000s\000e\000d\000\040\000r\000e\000s\000e\000r\000v\000a\000t\000i\000o\000n}{section.10}% 58
\BOOKMARK [2][-]{subsection.10.6}{\376\377\000E\000x\000p\000e\000r\000i\000m\000e\000n\000t\000s}{section.10}% 59
\BOOKMARK [2][-]{subsection.10.7}{\376\377\000R\000e\000p\000r\000o\000d\000u\000c\000t\000i\000o\000n}{section.10}% 60
\BOOKMARK [1][-]{section.11}{\376\377\000C\000o\000n\000c\000l\000u\000s\000i\000o\000n}{}% 61
\BOOKMARK [1][-]{appendix.A}{\376\377\000A\000r\000t\000i\000f\000a\000c\000t\000\040\000E\000v\000a\000l\000u\000a\000t\000i\000o\000n}{}% 62
\BOOKMARK [2][-]{subsection.A.1}{\376\377\000A\000r\000t\000i\000f\000a\000c\000t\000\040\000D\000i\000r\000e\000c\000t\000o\000r\000y\000\040\000S\000t\000r\000u\000c\000t\000u\000r\000e}{appendix.A}% 63
\BOOKMARK [2][-]{subsection.A.2}{\376\377\000D\000e\000t\000a\000i\000l\000e\000d\000\040\000E\000v\000a\000l\000u\000a\000t\000i\000o\000n}{appendix.A}% 64
