This is pdfTeX, Version 3.141592653-2.6-1.40.25 (TeX Live 2023/Debian) (preloaded format=pdflatex 2026.4.26)  26 APR 2026 02:04
entering extended mode
 restricted \write18 enabled.
 %&-line parsing enabled.
**project_report.tex
(./project_report.tex
LaTeX2e <2023-11-01> patch level 1
L3 programming layer <2024-01-22>
(/usr/share/texlive/texmf-dist/tex/latex/base/article.cls
Document Class: article 2023/05/17 v1.4n Standard LaTeX document class
(/usr/share/texlive/texmf-dist/tex/latex/base/size11.clo
File: size11.clo 2023/05/17 v1.4n Standard LaTeX file (size option)
)
\c@part=\count187
\c@section=\count188
\c@subsection=\count189
\c@subsubsection=\count190
\c@paragraph=\count191
\c@subparagraph=\count192
\c@figure=\count193
\c@table=\count194
\abovecaptionskip=\skip48
\belowcaptionskip=\skip49
\bibindent=\dimen140
)
(/usr/share/texlive/texmf-dist/tex/latex/geometry/geometry.sty
Package: geometry 2020/01/02 v5.9 Page Geometry

(/usr/share/texlive/texmf-dist/tex/latex/graphics/keyval.sty
Package: keyval 2022/05/29 v1.15 key=value parser (DPC)
\KV@toks@=\toks17
)
(/usr/share/texlive/texmf-dist/tex/generic/iftex/ifvtex.sty
Package: ifvtex 2019/10/25 v1.7 ifvtex legacy package. Use iftex instead.

(/usr/share/texlive/texmf-dist/tex/generic/iftex/iftex.sty
Package: iftex 2022/02/03 v1.0f TeX engine tests
))
\Gm@cnth=\count195
\Gm@cntv=\count196
\c@Gm@tempcnt=\count197
\Gm@bindingoffset=\dimen141
\Gm@wd@mp=\dimen142
\Gm@odd@mp=\dimen143
\Gm@even@mp=\dimen144
\Gm@layoutwidth=\dimen145
\Gm@layoutheight=\dimen146
\Gm@layouthoffset=\dimen147
\Gm@layoutvoffset=\dimen148
\Gm@dimlist=\toks18
)
(/usr/share/texlive/texmf-dist/tex/latex/base/fontenc.sty
Package: fontenc 2021/04/29 v2.0v Standard LaTeX package
)
(/usr/share/texlive/texmf-dist/tex/latex/hyperref/hyperref.sty
Package: hyperref 2024-01-20 v7.01h Hypertext links for LaTeX

(/usr/share/texlive/texmf-dist/tex/latex/kvsetkeys/kvsetkeys.sty
Package: kvsetkeys 2022-10-05 v1.19 Key value parser (HO)
)
(/usr/share/texlive/texmf-dist/tex/generic/kvdefinekeys/kvdefinekeys.sty
Package: kvdefinekeys 2019-12-19 v1.6 Define keys (HO)
)
(/usr/share/texlive/texmf-dist/tex/generic/pdfescape/pdfescape.sty
Package: pdfescape 2019/12/09 v1.15 Implements pdfTeX's escape features (HO)

(/usr/share/texlive/texmf-dist/tex/generic/ltxcmds/ltxcmds.sty
Package: ltxcmds 2023-12-04 v1.26 LaTeX kernel commands for general use (HO)
)
(/usr/share/texlive/texmf-dist/tex/generic/pdftexcmds/pdftexcmds.sty
Package: pdftexcmds 2020-06-27 v0.33 Utility functions of pdfTeX for LuaTeX (HO
)

(/usr/share/texlive/texmf-dist/tex/generic/infwarerr/infwarerr.sty
Package: infwarerr 2019/12/03 v1.5 Providing info/warning/error messages (HO)
)
Package pdftexcmds Info: \pdf@primitive is available.
Package pdftexcmds Info: \pdf@ifprimitive is available.
Package pdftexcmds Info: \pdfdraftmode found.
))
(/usr/share/texlive/texmf-dist/tex/latex/hycolor/hycolor.sty
Package: hycolor 2020-01-27 v1.10 Color options for hyperref/bookmark (HO)
)
(/usr/share/texlive/texmf-dist/tex/latex/auxhook/auxhook.sty
Package: auxhook 2019-12-17 v1.6 Hooks for auxiliary files (HO)
)
(/usr/share/texlive/texmf-dist/tex/latex/hyperref/nameref.sty
Package: nameref 2023-11-26 v2.56 Cross-referencing by name of section

(/usr/share/texlive/texmf-dist/tex/latex/refcount/refcount.sty
Package: refcount 2019/12/15 v3.6 Data extraction from label references (HO)
)
(/usr/share/texlive/texmf-dist/tex/generic/gettitlestring/gettitlestring.sty
Package: gettitlestring 2019/12/15 v1.6 Cleanup title references (HO)

(/usr/share/texlive/texmf-dist/tex/latex/kvoptions/kvoptions.sty
Package: kvoptions 2022-06-15 v3.15 Key value format for package options (HO)
))
\c@section@level=\count198
)
(/usr/share/texlive/texmf-dist/tex/latex/etoolbox/etoolbox.sty
Package: etoolbox 2020/10/05 v2.5k e-TeX tools for LaTeX (JAW)
\etb@tempcnta=\count199
)
\@linkdim=\dimen149
\Hy@linkcounter=\count266
\Hy@pagecounter=\count267

(/usr/share/texlive/texmf-dist/tex/latex/hyperref/pd1enc.def
File: pd1enc.def 2024-01-20 v7.01h Hyperref: PDFDocEncoding definition (HO)
Now handling font encoding PD1 ...
... no UTF-8 mapping file for font encoding PD1
)
(/usr/share/texlive/texmf-dist/tex/generic/intcalc/intcalc.sty
Package: intcalc 2019/12/15 v1.3 Expandable calculations with integers (HO)
)
\Hy@SavedSpaceFactor=\count268

(/usr/share/texlive/texmf-dist/tex/latex/hyperref/puenc.def
File: puenc.def 2024-01-20 v7.01h Hyperref: PDF Unicode definition (HO)
Now handling font encoding PU ...
... no UTF-8 mapping file for font encoding PU
)
Package hyperref Info: Hyper figures OFF on input line 4179.
Package hyperref Info: Link nesting OFF on input line 4184.
Package hyperref Info: Hyper index ON on input line 4187.
Package hyperref Info: Plain pages OFF on input line 4194.
Package hyperref Info: Backreferencing OFF on input line 4199.
Package hyperref Info: Implicit mode ON; LaTeX internals redefined.
Package hyperref Info: Bookmarks ON on input line 4446.
\c@Hy@tempcnt=\count269

(/usr/share/texlive/texmf-dist/tex/latex/url/url.sty
\Urlmuskip=\muskip16
Package: url 2013/09/16  ver 3.4  Verb mode for urls, etc.
)
LaTeX Info: Redefining \url on input line 4784.
\XeTeXLinkMargin=\dimen150

(/usr/share/texlive/texmf-dist/tex/generic/bitset/bitset.sty
Package: bitset 2019/12/09 v1.3 Handle bit-vector datatype (HO)

(/usr/share/texlive/texmf-dist/tex/generic/bigintcalc/bigintcalc.sty
Package: bigintcalc 2019/12/15 v1.5 Expandable calculations on big integers (HO
)
))
\Fld@menulength=\count270
\Field@Width=\dimen151
\Fld@charsize=\dimen152
Package hyperref Info: Hyper figures OFF on input line 6063.
Package hyperref Info: Link nesting OFF on input line 6068.
Package hyperref Info: Hyper index ON on input line 6071.
Package hyperref Info: backreferencing OFF on input line 6078.
Package hyperref Info: Link coloring OFF on input line 6083.
Package hyperref Info: Link coloring with OCG OFF on input line 6088.
Package hyperref Info: PDF/A mode OFF on input line 6093.

(/usr/share/texlive/texmf-dist/tex/latex/base/atbegshi-ltx.sty
Package: atbegshi-ltx 2021/01/10 v1.0c Emulation of the original atbegshi
package with kernel methods
)
\Hy@abspage=\count271
\c@Item=\count272
\c@Hfootnote=\count273
)
Package hyperref Info: Driver (autodetected): hpdftex.

(/usr/share/texlive/texmf-dist/tex/latex/hyperref/hpdftex.def
File: hpdftex.def 2024-01-20 v7.01h Hyperref driver for pdfTeX

(/usr/share/texlive/texmf-dist/tex/latex/base/atveryend-ltx.sty
Package: atveryend-ltx 2020/08/19 v1.0a Emulation of the original atveryend pac
kage
with kernel methods
)
\Fld@listcount=\count274
\c@bookmark@seq@number=\count275

(/usr/share/texlive/texmf-dist/tex/latex/rerunfilecheck/rerunfilecheck.sty
Package: rerunfilecheck 2022-07-10 v1.10 Rerun checks for auxiliary files (HO)

(/usr/share/texlive/texmf-dist/tex/generic/uniquecounter/uniquecounter.sty
Package: uniquecounter 2019/12/15 v1.4 Provide unlimited unique counter (HO)
)
Package uniquecounter Info: New unique counter `rerunfilecheck' on input line 2
85.
)
\Hy@SectionHShift=\skip50
)
(/usr/share/texlive/texmf-dist/tex/latex/listings/listings.sty
\lst@mode=\count276
\lst@gtempboxa=\box51
\lst@token=\toks19
\lst@length=\count277
\lst@currlwidth=\dimen153
\lst@column=\count278
\lst@pos=\count279
\lst@lostspace=\dimen154
\lst@width=\dimen155
\lst@newlines=\count280
\lst@lineno=\count281
\lst@maxwidth=\dimen156

(/usr/share/texlive/texmf-dist/tex/latex/listings/lstmisc.sty
File: lstmisc.sty 2023/02/27 1.9 (Carsten Heinz)
\c@lstnumber=\count282
\lst@skipnumbers=\count283
\lst@framebox=\box52
)
(/usr/share/texlive/texmf-dist/tex/latex/listings/listings.cfg
File: listings.cfg 2023/02/27 1.9 listings configuration
))
Package: listings 2023/02/27 1.9 (Carsten Heinz)

(/usr/share/texlive/texmf-dist/tex/latex/xcolor/xcolor.sty
Package: xcolor 2023/11/15 v3.01 LaTeX color extensions (UK)

(/usr/share/texlive/texmf-dist/tex/latex/graphics-cfg/color.cfg
File: color.cfg 2016/01/02 v1.6 sample color configuration
)
Package xcolor Info: Driver file: pdftex.def on input line 274.

(/usr/share/texlive/texmf-dist/tex/latex/graphics-def/pdftex.def
File: pdftex.def 2022/09/22 v1.2b Graphics/color driver for pdftex
)
(/usr/share/texlive/texmf-dist/tex/latex/graphics/mathcolor.ltx)
Package xcolor Info: Model `cmy' substituted by `cmy0' on input line 1350.
Package xcolor Info: Model `hsb' substituted by `rgb' on input line 1354.
Package xcolor Info: Model `RGB' extended on input line 1366.
Package xcolor Info: Model `HTML' substituted by `rgb' on input line 1368.
Package xcolor Info: Model `Hsb' substituted by `hsb' on input line 1369.
Package xcolor Info: Model `tHsb' substituted by `hsb' on input line 1370.
Package xcolor Info: Model `HSB' substituted by `hsb' on input line 1371.
Package xcolor Info: Model `Gray' substituted by `gray' on input line 1372.
Package xcolor Info: Model `wave' substituted by `hsb' on input line 1373.
)
(/usr/share/texlive/texmf-dist/tex/latex/tools/tabularx.sty
Package: tabularx 2023/07/08 v2.11c `tabularx' package (DPC)

(/usr/share/texlive/texmf-dist/tex/latex/tools/array.sty
Package: array 2023/10/16 v2.5g Tabular extension package (FMi)
\col@sep=\dimen157
\ar@mcellbox=\box53
\extrarowheight=\dimen158
\NC@list=\toks20
\extratabsurround=\skip51
\backup@length=\skip52
\ar@cellbox=\box54
)
\TX@col@width=\dimen159
\TX@old@table=\dimen160
\TX@old@col=\dimen161
\TX@target=\dimen162
\TX@delta=\dimen163
\TX@cols=\count284
\TX@ftn=\toks21
)
(/usr/share/texlive/texmf-dist/tex/latex/tools/longtable.sty
Package: longtable 2023-11-01 v4.19 Multi-page Table package (DPC)
\LTleft=\skip53
\LTright=\skip54
\LTpre=\skip55
\LTpost=\skip56
\LTchunksize=\count285
\LTcapwidth=\dimen164
\LT@head=\box55
\LT@firsthead=\box56
\LT@foot=\box57
\LT@lastfoot=\box58
\LT@gbox=\box59
\LT@cols=\count286
\LT@rows=\count287
\c@LT@tables=\count288
\c@LT@chunks=\count289
\LT@p@ftn=\toks22
)
(/usr/share/texlive/texmf-dist/tex/latex/booktabs/booktabs.sty
Package: booktabs 2020/01/12 v1.61803398 Publication quality tables
\heavyrulewidth=\dimen165
\lightrulewidth=\dimen166
\cmidrulewidth=\dimen167
\belowrulesep=\dimen168
\belowbottomsep=\dimen169
\aboverulesep=\dimen170
\abovetopsep=\dimen171
\cmidrulesep=\dimen172
\cmidrulekern=\dimen173
\defaultaddspace=\dimen174
\@cmidla=\count290
\@cmidlb=\count291
\@aboverulesep=\dimen175
\@belowrulesep=\dimen176
\@thisruleclass=\count292
\@lastruleclass=\count293
\@thisrulewidth=\dimen177
)
(/usr/share/texlive/texmf-dist/tex/latex/graphics/graphicx.sty
Package: graphicx 2021/09/16 v1.2d Enhanced LaTeX Graphics (DPC,SPQR)

(/usr/share/texlive/texmf-dist/tex/latex/graphics/graphics.sty
Package: graphics 2022/03/10 v1.4e Standard LaTeX Graphics (DPC,SPQR)

(/usr/share/texlive/texmf-dist/tex/latex/graphics/trig.sty
Package: trig 2021/08/11 v1.11 sin cos tan (DPC)
)
(/usr/share/texlive/texmf-dist/tex/latex/graphics-cfg/graphics.cfg
File: graphics.cfg 2016/06/04 v1.11 sample graphics configuration
)
Package graphics Info: Driver file: pdftex.def on input line 107.
)
\Gin@req@height=\dimen178
\Gin@req@width=\dimen179
)
(/usr/share/texlive/texmf-dist/tex/latex/enumitem/enumitem.sty
Package: enumitem 2019/06/20 v3.9 Customized lists
\labelindent=\skip57
\enit@outerparindent=\dimen180
\enit@toks=\toks23
\enit@inbox=\box60
\enit@count@id=\count294
\enitdp@description=\count295
)
(/usr/share/texlive/texmf-dist/tex/latex/titlesec/titlesec.sty
Package: titlesec 2023/10/27 v2.16 Sectioning titles
\ttl@box=\box61
\beforetitleunit=\skip58
\aftertitleunit=\skip59
\ttl@plus=\dimen181
\ttl@minus=\dimen182
\ttl@toksa=\toks24
\titlewidth=\dimen183
\titlewidthlast=\dimen184
\titlewidthfirst=\dimen185
)
(/usr/share/texlive/texmf-dist/tex/latex/microtype/microtype.sty
Package: microtype 2023/03/13 v3.1a Micro-typographical refinements (RS)
\MT@toks=\toks25
\MT@tempbox=\box62
\MT@count=\count296
LaTeX Info: Redefining \noprotrusionifhmode on input line 1059.
LaTeX Info: Redefining \leftprotrusion on input line 1060.
\MT@prot@toks=\toks26
LaTeX Info: Redefining \rightprotrusion on input line 1078.
LaTeX Info: Redefining \textls on input line 1368.
\MT@outer@kern=\dimen186
LaTeX Info: Redefining \textmicrotypecontext on input line 1988.
\MT@listname@count=\count297

(/usr/share/texlive/texmf-dist/tex/latex/microtype/microtype-pdftex.def
File: microtype-pdftex.def 2023/03/13 v3.1a Definitions specific to pdftex (RS)

LaTeX Info: Redefining \lsstyle on input line 902.
LaTeX Info: Redefining \lslig on input line 902.
\MT@outer@space=\skip60
)
Package microtype Info: Loading configuration file microtype.cfg.

(/usr/share/texlive/texmf-dist/tex/latex/microtype/microtype.cfg
File: microtype.cfg 2023/03/13 v3.1a microtype main configuration file (RS)
))
Package hyperref Info: Option `colorlinks' set `true' on input line 26.
Package hyperref Info: Option `breaklinks' set `true' on input line 26.

(/usr/share/texlive/texmf-dist/tex/latex/l3backend/l3backend-pdftex.def
File: l3backend-pdftex.def 2024-01-04 L3 backend support: PDF output (pdfTeX)
\l__color_backend_stack_int=\count298
\l__pdf_internal_box=\box63
)
No file project_report.aux.
\openout1 = `project_report.aux'.

LaTeX Font Info:    Checking defaults for OML/cmm/m/it on input line 52.
LaTeX Font Info:    ... okay on input line 52.
LaTeX Font Info:    Checking defaults for OMS/cmsy/m/n on input line 52.
LaTeX Font Info:    ... okay on input line 52.
LaTeX Font Info:    Checking defaults for OT1/cmr/m/n on input line 52.
LaTeX Font Info:    ... okay on input line 52.
LaTeX Font Info:    Checking defaults for T1/cmr/m/n on input line 52.
LaTeX Font Info:    ... okay on input line 52.
LaTeX Font Info:    Checking defaults for TS1/cmr/m/n on input line 52.
LaTeX Font Info:    ... okay on input line 52.
LaTeX Font Info:    Checking defaults for OMX/cmex/m/n on input line 52.
LaTeX Font Info:    ... okay on input line 52.
LaTeX Font Info:    Checking defaults for U/cmr/m/n on input line 52.
LaTeX Font Info:    ... okay on input line 52.
LaTeX Font Info:    Checking defaults for PD1/pdf/m/n on input line 52.
LaTeX Font Info:    ... okay on input line 52.
LaTeX Font Info:    Checking defaults for PU/pdf/m/n on input line 52.
LaTeX Font Info:    ... okay on input line 52.
*geometry* driver: auto-detecting
*geometry* detected driver: pdftex
*geometry* verbose mode - [ preamble ] result:
* driver: pdftex
* paper: a4paper
* layout: <same size as paper>
* layoutoffset:(h,v)=(0.0pt,0.0pt)
* modes: 
* h-part:(L,W,R)=(72.26999pt, 452.9679pt, 72.26999pt)
* v-part:(T,H,B)=(72.26999pt, 700.50687pt, 72.26999pt)
* \paperwidth=597.50787pt
* \paperheight=845.04684pt
* \textwidth=452.9679pt
* \textheight=700.50687pt
* \oddsidemargin=0.0pt
* \evensidemargin=0.0pt
* \topmargin=-37.0pt
* \headheight=12.0pt
* \headsep=25.0pt
* \topskip=11.0pt
* \footskip=30.0pt
* \marginparwidth=50.0pt
* \marginparsep=10.0pt
* \columnsep=10.0pt
* \skip\footins=10.0pt plus 4.0pt minus 2.0pt
* \hoffset=0.0pt
* \voffset=0.0pt
* \mag=1000
* \@twocolumnfalse
* \@twosidefalse
* \@mparswitchfalse
* \@reversemarginfalse
* (1in=72.27pt=25.4mm, 1cm=28.453pt)

Package hyperref Info: Link coloring ON on input line 52.
\@outlinefile=\write3
\openout3 = `project_report.out'.

\c@lstlisting=\count299
(/usr/share/texlive/texmf-dist/tex/context/base/mkii/supp-pdf.mkii
[Loading MPS to PDF converter (version 2006.09.02).]
\scratchcounter=\count300
\scratchdimen=\dimen187
\scratchbox=\box64
\nofMPsegments=\count301
\nofMParguments=\count302
\everyMPshowfont=\toks27
\MPscratchCnt=\count303
\MPscratchDim=\dimen188
\MPnumerator=\count304
\makeMPintoPDFobject=\count305
\everyMPtoPDFconversion=\toks28
) (/usr/share/texlive/texmf-dist/tex/latex/epstopdf-pkg/epstopdf-base.sty
Package: epstopdf-base 2020-01-24 v2.11 Base part for package epstopdf
Package epstopdf-base Info: Redefining graphics rule for `.eps' on input line 4
85.

(/usr/share/texlive/texmf-dist/tex/latex/latexconfig/epstopdf-sys.cfg
File: epstopdf-sys.cfg 2010/07/13 v1.3 Configuration of (r)epstopdf for TeX Liv
e
))
LaTeX Info: Redefining \microtypecontext on input line 52.
Package microtype Info: Applying patch `item' on input line 52.
Package microtype Info: Applying patch `toc' on input line 52.
Package microtype Info: Applying patch `eqnum' on input line 52.
Package microtype Info: Applying patch `footnote' on input line 52.
Package microtype Info: Applying patch `verbatim' on input line 52.
Package microtype Info: Generating PDF output.
Package microtype Info: Character protrusion enabled (level 2).
Package microtype Info: Using default protrusion set `alltext'.
Package microtype Info: No font expansion.
Package microtype Info: No adjustment of tracking.
Package microtype Info: No adjustment of interword spacing.
Package microtype Info: No adjustment of character kerning.

(/usr/share/texlive/texmf-dist/tex/latex/microtype/mt-cmr.cfg
File: mt-cmr.cfg 2013/05/19 v2.2 microtype config. file: Computer Modern Roman 
(RS)
)
LaTeX Font Info:    External font `cmex10' loaded for size
(Font)              <12> on input line 55.
LaTeX Font Info:    External font `cmex10' loaded for size
(Font)              <8> on input line 55.
LaTeX Font Info:    External font `cmex10' loaded for size
(Font)              <6> on input line 55.
LaTeX Font Info:    Trying to load font information for T1+cmtt on input line 6
3.

(/usr/share/texlive/texmf-dist/tex/latex/base/t1cmtt.fd
File: t1cmtt.fd 2023/04/13 v2.5m Standard LaTeX font definitions
)
Package microtype Info: Loading generic protrusion settings for font family
(microtype)             `cmtt' (encoding: T1).
(microtype)             For optimal results, create family-specific settings.
(microtype)             See the microtype manual for details.
LaTeX Font Info:    External font `cmex10' loaded for size
(Font)              <7> on input line 64.
LaTeX Font Info:    External font `cmex10' loaded for size
(Font)              <5> on input line 64.

No file project_report.toc.
\tf@toc=\write4
\openout4 = `project_report.toc'.

[1

{/var/lib/texmf/fonts/map/pdftex/updmap/pdftex.map}]
LaTeX Font Info:    External font `cmex10' loaded for size
(Font)              <10.95> on input line 128.
 [2]
LaTeX Font Info:    Font shape `T1/cmtt/bx/n' in size <10.95> not available
(Font)              Font shape `T1/cmtt/m/n' tried instead on input line 178.

(/usr/share/texlive/texmf-dist/tex/latex/listings/lstlang1.sty
File: lstlang1.sty 2023/02/27 1.9 listings language file
)
(/usr/share/texlive/texmf-dist/tex/latex/listings/lstlang1.sty
File: lstlang1.sty 2023/02/27 1.9 listings language file
)

LaTeX Warning: Citation `atc24-fc' on page 3 undefined on input line 233.

[3] (/usr/share/texlive/texmf-dist/tex/latex/listings/lstlang1.sty
File: lstlang1.sty 2023/02/27 1.9 listings language file
)
(/usr/share/texlive/texmf-dist/tex/latex/listings/lstmisc.sty
File: lstmisc.sty 2023/02/27 1.9 (Carsten Heinz)
)

LaTeX Warning: Citation `atc24-fc' on page 4 undefined on input line 329.

[4]
Overfull \hbox (17.57677pt too wide) in paragraph at lines 350--357
[]\T1/cmr/m/n/10.95 ext4 stores xat-trs in three places: \T1/cmr/m/it/10.95 in-
line \T1/cmr/m/n/10.95 (in the in-ode body, be-tween \T1/cmtt/m/n/10.95 EXT4_GO
OD_OLD_INODE_SIZE
 []

[5]
Underfull \hbox (badness 1888) in paragraph at lines 415--424
[]\T1/cmr/m/n/10.95 xfstests sub-set \T1/cmtt/m/n/10.95 generic/{062,118,300,33
7,454,455,473,482} \T1/cmr/m/n/10.95 + \T1/cmtt/m/n/10.95 ext4/032\T1/cmr/m/n/1
0.95 . Of the
 []

[6]
Underfull \hbox (badness 1968) in paragraph at lines 552--559
\T1/cmr/m/n/10.95 tracked range and emits \T1/cmtt/m/n/10.95 FC_TAG_ADD_RANGE \
T1/cmr/m/n/10.95 for each shifted ex-tent at its new po-si-
 []


Underfull \hbox (badness 1038) in paragraph at lines 552--559
\T1/cmr/m/n/10.95 tion plus \T1/cmtt/m/n/10.95 FC_TAG_DEL_RANGE \T1/cmr/m/n/10.
95 for any re-sult-ing hole. \T1/cmtt/m/n/10.95 FC_TAG_INODE \T1/cmr/m/n/10.95 
is emit-ted by the
 []


Underfull \hbox (badness 2680) in paragraph at lines 572--575
[]\T1/cmr/m/n/10.95 The full patch is 46 lines ($\T1/cmtt/m/n/10.95 suyamoon / 
fc -[] fallocate -[] range . patch$\T1/cmr/m/n/10.95 ), two hunks in
 []

[7]
Underfull \hbox (badness 1622) in paragraph at lines 641--641
|[]\T1/cmr/bx/n/14.4 Candidate 5: Lock-less CAS for jbd2_log_wait_commit
 []

[8]
Package hyperref Info: bookmark level for unknown lstlisting defaults to 0 on i
nput line 673.
 [9] [10] [11] [12] [13] [14] [15] [16

]
Overfull \hbox (26.8948pt too wide) in alignment at lines 1293--1297
 [] [] [] [] 
 []


Overfull \hbox (26.8948pt too wide) in alignment at lines 1297--1303
 [] [] [] [] 
 []


Overfull \hbox (26.8948pt too wide) in alignment at lines 1303--1307
 [] [] [] [] 
 []


Overfull \hbox (26.8948pt too wide) in alignment at lines 1307--1310
 [] [] [] [] 
 []


Underfull \hbox (badness 1874) in paragraph at lines 1313--1314
[]|\T1/cmr/m/n/10 Primary xattr work-load.
 []


Underfull \hbox (badness 10000) in paragraph at lines 1313--1314
\T1/cmr/m/n/10 5000 \T1/cmtt/m/n/10 fsetxattr+fsync
 []


Underfull \hbox (badness 3690) in paragraph at lines 1313--1314
\T1/cmr/m/n/10 ops; 256 MB loop fs;
 []


Underfull \hbox (badness 10000) in paragraph at lines 1313--1314
\T1/cmtt/m/n/10 -O fast_commit\T1/cmr/m/n/10 ; sin-gle
 []


Underfull \hbox (badness 10000) in paragraph at lines 1314--1315
[]|$\T1/cmtt/m/n/10 suyamoon / bench _
 []


Underfull \hbox (badness 2277) in paragraph at lines 1317--1318
\T1/cmr/m/n/10 job rand-write+fsync for
 []


Underfull \hbox (badness 10000) in paragraph at lines 1318--1319
[]|$\T1/cmtt/m/n/10 suyamoon / bench _
 []


Underfull \hbox (badness 3930) in paragraph at lines 1321--1322
[]|\T1/cmr/m/n/10 Crash re-cov-ery A. 100
 []


Underfull \hbox (badness 5119) in paragraph at lines 1321--1322
\T1/cmr/m/n/10 lazy umount; re-mount;
 []


Underfull \hbox (badness 10000) in paragraph at lines 1322--1323
[]|$\T1/cmtt/m/n/10 suyamoon / c3 _ crash _
 []


Underfull \hbox (badness 10000) in paragraph at lines 1326--1327
[]|$\T1/cmtt/m/n/10 suyamoon / c3 _ crash _
 []


Underfull \hbox (badness 2894) in paragraph at lines 1329--1330
[]|\T1/cmr/m/n/10 Crash re-cov-ery C. 668-
 []


Underfull \hbox (badness 6775) in paragraph at lines 1329--1330
\T1/cmr/m/n/10 byte xattr (forces the
 []


Underfull \hbox (badness 10000) in paragraph at lines 1330--1331
[]|$\T1/cmtt/m/n/10 suyamoon / c3 _ crash _
 []


Underfull \hbox (badness 4441) in paragraph at lines 1334--1335
[]|\T1/cmr/m/n/10 Characterization on C3
 []


Underfull \hbox (badness 10000) in paragraph at lines 1334--1335
\T1/cmr/m/n/10 (fal-lo-cate, large-xattr
 []


Underfull \hbox (badness 10000) in paragraph at lines 1335--1336
[]|$\T1/cmtt/m/n/10 suyamoon / bench _
 []


Underfull \hbox (badness 10000) in paragraph at lines 1335--1336
\T1/cmtt/m/n/10 fallocate _ range . sh$\T1/cmr/m/n/10 ,
 []


Underfull \hbox (badness 10000) in paragraph at lines 1335--1336
\T1/cmtt/m/n/10 bench _ xattr _ block .
 []


Underfull \hbox (badness 10000) in paragraph at lines 1338--1339
[]|\T1/cmr/m/n/10 Primary fal-lo-cate
 []


Underfull \hbox (badness 10000) in paragraph at lines 1338--1339
\T1/cmr/m/n/10 work-load. 1000
 []


Underfull \hbox (badness 10000) in paragraph at lines 1338--1339
\T1/cmtt/m/n/10 fallocate+fsync
 []


Underfull \hbox (badness 4595) in paragraph at lines 1338--1339
\T1/cmr/m/n/10 ops for each of COL-
 []


Underfull \hbox (badness 10000) in paragraph at lines 1338--1339
\T1/cmr/m/n/10 LAPSE_RANGE and
 []


Underfull \hbox (badness 10000) in paragraph at lines 1339--1340
[]|$\T1/cmtt/m/n/10 suyamoon / bench _
 []


Underfull \hbox (badness 2050) in paragraph at lines 1342--1343
[]|\T1/cmr/m/n/10 Crash re-cov-ery A (C4).
 []


Underfull \hbox (badness 10000) in paragraph at lines 1343--1344
[]|$\T1/cmtt/m/n/10 suyamoon / c4 _ crash _
 []


Overfull \hbox (73.85254pt too wide) in paragraph at lines 1344--1345
[]|\T1/cmr/m/n/10 FC re-play of ADD_RANGE+DEL_RANGE+FC_TAG_INODE
 []


Underfull \hbox (badness 1275) in paragraph at lines 1346--1347
\T1/cmr/m/n/10 sert 16 blocks at off-set
 []


Underfull \hbox (badness 10000) in paragraph at lines 1347--1348
[]|$\T1/cmtt/m/n/10 suyamoon / c4 _ crash _
 []


Underfull \hbox (badness 2181) in paragraph at lines 1350--1351
[]|\T1/cmr/m/n/10 Crash re-cov-ery C (C4).
 []


Underfull \hbox (badness 10000) in paragraph at lines 1350--1351
\T1/cmr/m/n/10 Three in-ter-leaved col-
 []


Underfull \hbox (badness 10000) in paragraph at lines 1351--1352
[]|$\T1/cmtt/m/n/10 suyamoon / c4 _ crash _
 []


Underfull \hbox (badness 10000) in paragraph at lines 1355--1356
[]|\T1/cmr/m/n/10 xfstests sub-set
 []


Overfull \hbox (99.28694pt too wide) in paragraph at lines 1355--1356
\T1/cmtt/m/n/10 generic/{062,118,300,337,454,455,473,482}
 []


Underfull \hbox (badness 10000) in paragraph at lines 1360--1361
[]|\T1/cmr/m/n/10 Lock-overhead mea-sure-
 []


Underfull \hbox (badness 10000) in paragraph at lines 1360--1361
\T1/cmr/m/n/10 thread rand-write+fsync;
 []


Underfull \hbox (badness 2790) in paragraph at lines 1360--1361
\T1/cmr/m/n/10 rm-mod prints lock-time
 []


Underfull \hbox (badness 10000) in paragraph at lines 1361--1362
[]|$\T1/cmtt/m/n/10 sahil / benchmarks /
 []


Underfull \hbox (badness 10000) in paragraph at lines 1362--1363
[]|$\OMS/cmsy/m/n/10 ^^X$\T1/cmr/m/n/10 78% of to-tal fsync time spent in
 []


Underfull \hbox (badness 10000) in paragraph at lines 1362--1363
\T1/cmtt/m/n/10 jbd2_log_wait_commit\T1/cmr/m/n/10 . Recorded in
 []


Underfull \hbox (badness 6445) in paragraph at lines 1364--1365
[]|\T1/cmr/m/n/10 Crash-safety smoke un-
 []


Underfull \hbox (badness 7397) in paragraph at lines 1364--1365
\T1/cmr/m/n/10 Con-cur-rent fsync flood
 []


Underfull \hbox (badness 1748) in paragraph at lines 1364--1365
\T1/cmr/m/n/10 + im-me-di-ate umount +
 []


Underfull \hbox (badness 10000) in paragraph at lines 1365--1366
[]|$\T1/cmtt/m/n/10 sahil / benchmarks /
 []


Underfull \hbox (badness 10000) in paragraph at lines 1368--1369
[]|\T1/cmr/m/n/10 Scaling ma-trix. or-
 []


Underfull \hbox (badness 7468) in paragraph at lines 1368--1369
\T1/cmr/m/n/10 dered/write-back $\OMS/cmsy/m/n/10 ^^B$ \T1/cmr/m/n/10 opt
 []


Underfull \hbox (badness 10000) in paragraph at lines 1369--1370
[]|$\T1/cmtt/m/n/10 sahil / benchmarks /
 []


Underfull \hbox (badness 1584) in paragraph at lines 1370--1371
\T1/cmr/m/n/10 data, +7% OLTP at 16 threads. Per-run
 []


Underfull \hbox (badness 2486) in paragraph at lines 1370--1371
\T1/cmr/m/n/10 JSON+txt un-der $\T1/cmtt/m/n/10 sahil / results / benchmark _
 []


Underfull \hbox (badness 10000) in paragraph at lines 1373--1374
\T1/cmtt/m/n/10 fdatasync\T1/cmr/m/n/10 /write, block
 []


Underfull \hbox (badness 10000) in paragraph at lines 1374--1375
[]|$\T1/cmtt/m/n/10 milan / benchmarks /
 []


Underfull \hbox (badness 10000) in paragraph at lines 1374--1375
\T1/cmtt/m/n/10 wal _ workload _ no _ fc /
 []


Underfull \hbox (badness 2393) in paragraph at lines 1375--1376
[]|\T1/cmr/m/n/10 Journaling halves IOPS re-gard-less of mode;
 []


Underfull \hbox (badness 2134) in paragraph at lines 1377--1378
[]|\T1/cmr/m/n/10 Concurrent WAL + se-
 []


Underfull \hbox (badness 10000) in paragraph at lines 1377--1378
\T1/cmr/m/n/10 fio jobs si-mul-ta-ne-ously
 []


Underfull \hbox (badness 10000) in paragraph at lines 1378--1379
[]|$\T1/cmtt/m/n/10 milan / benchmarks /
 []


Underfull \hbox (badness 10000) in paragraph at lines 1378--1379
\T1/cmtt/m/n/10 combined _ workload _
 []


Underfull \hbox (badness 10000) in paragraph at lines 1378--1379
\T1/cmtt/m/n/10 no _ fc / run _ repeated .
 []


Underfull \hbox (badness 10000) in paragraph at lines 1382--1383
[]|\T1/cmr/m/n/10 FJM func-tional check
 []


Underfull \hbox (badness 10000) in paragraph at lines 1382--1383
\T1/cmr/m/n/10 + 6-mode bench-mark.
 []


Underfull \hbox (badness 2119) in paragraph at lines 1382--1383
\T1/cmr/m/n/10 Loads \T1/cmtt/m/n/10 ext4_tracker.ko\T1/cmr/m/n/10 ;
 []


Underfull \hbox (badness 10000) in paragraph at lines 1382--1383
\T1/cmr/m/n/10 fresh-formats /de-v/sdb
 []


Underfull \hbox (badness 10000) in paragraph at lines 1382--1383
\T1/cmr/m/n/10 dered/jour-nal/write-back
 []


Underfull \hbox (badness 10000) in paragraph at lines 1383--1384
[]|$\T1/cmtt/m/n/10 shrey / benchmarks /
 []


Underfull \hbox (badness 10000) in paragraph at lines 1383--1384
\T1/cmtt/m/n/10 fjm _ full _ benchmark .
 []


Underfull \hbox (badness 10000) in paragraph at lines 1387--1388
[]|$\T1/cmtt/m/n/10 shrey / benchmarks /
 []


Underfull \hbox (badness 10000) in paragraph at lines 1387--1388
\T1/cmtt/m/n/10 run _ repeated _
 []


Overfull \hbox (26.8948pt too wide) in alignment at lines 1310--1390
 [] [] [] [] 
 []

[17] [18] [19] (./project_report.aux)
 ***********
LaTeX2e <2023-11-01> patch level 1
L3 programming layer <2024-01-22>
 ***********


LaTeX Warning: There were undefined references.


LaTeX Warning: Label(s) may have changed. Rerun to get cross-references right.


Package rerunfilecheck Warning: File `project_report.out' has changed.
(rerunfilecheck)                Rerun to get outlines right
(rerunfilecheck)                or use package `bookmark'.

Package rerunfilecheck Info: Checksums for `project_report.out':
(rerunfilecheck)             Before: <no file>
(rerunfilecheck)             After:  20BF4B0FF05D7CE2E139B1D2ED5DB0E4;9175.
 ) 
Here is how much of TeX's memory you used:
 14809 strings out of 476182
 226252 string characters out of 5795595
 2278975 words of memory out of 5000000
 36402 multiletter control sequences out of 15000+600000
 574253 words of font info for 71 fonts, out of 8000000 for 9000
 14 hyphenation exceptions out of 8191
 75i,9n,79p,1011b,2008s stack positions out of 10000i,1000n,20000p,200000b,200000s
 </home/lkp-ubuntu/.texlive2023/texmf-var/fonts/pk/ljfour/jknappen/ec/ecti100
0.600pk> </home/lkp-ubuntu/.texlive2023/texmf-var/fonts/pk/ljfour/jknappen/ec/e
ctt0800.600pk> </home/lkp-ubuntu/.texlive2023/texmf-var/fonts/pk/ljfour/jknappe
n/ec/ectt0900.600pk> </home/lkp-ubuntu/.texlive2023/texmf-var/fonts/pk/ljfour/j
knappen/ec/ecbx1200.600pk> </home/lkp-ubuntu/.texlive2023/texmf-var/fonts/pk/lj
four/jknappen/ec/tcrm1095.600pk> </home/lkp-ubuntu/.texlive2023/texmf-var/fonts
/pk/ljfour/jknappen/ec/ecbx1095.600pk> </home/lkp-ubuntu/.texlive2023/texmf-var
/fonts/pk/ljfour/jknappen/ec/ectt1095.600pk> </home/lkp-ubuntu/.texlive2023/tex
mf-var/fonts/pk/ljfour/jknappen/ec/ecti1095.600pk> </home/lkp-ubuntu/.texlive20
23/texmf-var/fonts/pk/ljfour/jknappen/ec/ecrm1095.600pk> </home/lkp-ubuntu/.tex
live2023/texmf-var/fonts/pk/ljfour/jknappen/ec/ecbx1440.600pk> </home/lkp-ubunt
u/.texlive2023/texmf-var/fonts/pk/ljfour/jknappen/ec/ectt1000.600pk> </home/lkp
-ubuntu/.texlive2023/texmf-var/fonts/pk/ljfour/jknappen/ec/ecrm1000.600pk> </ho
me/lkp-ubuntu/.texlive2023/texmf-var/fonts/pk/ljfour/jknappen/ec/ecbx1000.600pk
> </home/lkp-ubuntu/.texlive2023/texmf-var/fonts/pk/ljfour/jknappen/ec/ecrm1200
.600pk> </home/lkp-ubuntu/.texlive2023/texmf-var/fonts/pk/ljfour/jknappen/ec/ec
rm1728.600pk></usr/share/texlive/texmf-dist/fonts/type1/public/amsfonts/cm/cmbx
10.pfb></usr/share/texlive/texmf-dist/fonts/type1/public/amsfonts/cm/cmmi10.pfb
></usr/share/texlive/texmf-dist/fonts/type1/public/amsfonts/cm/cmr10.pfb></usr/
share/texlive/texmf-dist/fonts/type1/public/amsfonts/cm/cmsy10.pfb>
Output written on project_report.pdf (19 pages, 358426 bytes).
PDF statistics:
 1287 PDF objects out of 1440 (max. 8388607)
 428 compressed objects within 5 object streams
 255 named destinations out of 1000 (max. 500000)
 15361 words of extra memory for PDF output out of 17280 (max. 10000000)

