\BOOKMARK [1][-]{section.1}{\376\377\000I\000n\000t\000r\000o\000d\000u\000c\000t\000i\000o\000n}{}% 1
\BOOKMARK [1][-]{section.2}{\376\377\000W\000o\000r\000k\000l\000o\000a\000d\000\040\000C\000h\000a\000r\000a\000c\000t\000e\000r\000i\000z\000a\000t\000i\000o\000n\000\040\000\050\000M\000i\000l\000a\000n\000\051}{}% 2
\BOOKMARK [2][-]{subsection.2.1}{\376\377\000W\000h\000y\000\040\000c\000h\000a\000r\000a\000c\000t\000e\000r\000i\000z\000a\000t\000i\000o\000n\000\040\000f\000i\000r\000s\000t}{section.2}% 3
\BOOKMARK [2][-]{subsection.2.2}{\376\377\000H\000e\000a\000d\000l\000i\000n\000e\000\040\000n\000u\000m\000b\000e\000r\000s\000\040\000\050\000W\000A\000L\000,\000\040\0001\000\040\000t\000h\000r\000e\000a\000d\000,\000\040\0001\0000\0000\000\040\000M\000B\000,\000\040\000f\000s\000y\000n\000c\000\040\000p\000e\000r\000\040\000w\000r\000i\000t\000e\000,\000\040\0004\000\040\000K\000i\000B\000\051}{section.2}% 4
\BOOKMARK [2][-]{subsection.2.3}{\376\377\000W\000h\000a\000t\000\040\000t\000h\000i\000s\000\040\000t\000o\000l\000d\000\040\000t\000h\000e\000\040\000g\000r\000o\000u\000p}{section.2}% 5
\BOOKMARK [2][-]{subsection.2.4}{\376\377\000C\000o\000n\000c\000u\000r\000r\000e\000n\000t\000\040\000w\000o\000r\000k\000l\000o\000a\000d}{section.2}% 6
\BOOKMARK [2][-]{subsection.2.5}{\376\377\000H\000o\000w\000\040\000t\000o\000\040\000r\000e\000p\000r\000o\000d\000u\000c\000e}{section.2}% 7
\BOOKMARK [1][-]{section.3}{\376\377\000S\000u\000y\000a\000m\000o\000o\000n\000'\000s\000\040\000F\000o\000u\000r\000\040\000C\000a\000n\000d\000i\000d\000a\000t\000e\000s\000:\000\040\000O\000v\000e\000r\000v\000i\000e\000w}{}% 8
\BOOKMARK [1][-]{section.4}{\376\377\000C\000a\000n\000d\000i\000d\000a\000t\000e\000s\000\040\0001\000\040\000a\000n\000d\000\040\0002\000:\000\040\000D\000i\000d\000\040\000N\000o\000t\000\040\000M\000e\000a\000s\000u\000r\000e}{}% 9
\BOOKMARK [2][-]{subsection.4.1}{\376\377\000C\0001\000:\000\040\000f\000a\000s\000t\000-\000c\000o\000m\000m\000i\000t\000\040\000b\000a\000r\000r\000i\000e\000r\000\040\000d\000e\000f\000e\000r\000r\000a\000l}{section.4}% 10
\BOOKMARK [2][-]{subsection.4.2}{\376\377\000C\0002\000:\000\040\000a\000s\000y\000n\000c\000\040\000b\000i\000t\000m\000a\000p\000\040\000p\000r\000e\000f\000e\000t\000c\000h\000\040\000c\000o\000m\000p\000l\000e\000t\000i\000o\000n}{section.4}% 11
\BOOKMARK [1][-]{section.5}{\376\377\000C\000a\000n\000d\000i\000d\000a\000t\000e\000\040\0003\000:\000\040\000F\000a\000s\000t\000\040\000C\000o\000m\000m\000i\000t\000\040\000S\000u\000p\000p\000o\000r\000t\000\040\000f\000o\000r\000\040\000I\000n\000l\000i\000n\000e\000\040\000x\000a\000t\000t\000r\000s}{}% 12
\BOOKMARK [2][-]{subsection.5.1}{\376\377\000I\000n\000t\000u\000i\000t\000i\000o\000n}{section.5}% 13
\BOOKMARK [2][-]{subsection.5.2}{\376\377\000C\000o\000d\000e\000\040\000a\000n\000a\000l\000y\000s\000i\000s}{section.5}% 14
\BOOKMARK [2][-]{subsection.5.3}{\376\377\000D\000e\000s\000i\000g\000n\000\040\000a\000n\000d\000\040\000i\000m\000p\000l\000e\000m\000e\000n\000t\000a\000t\000i\000o\000n}{section.5}% 15
\BOOKMARK [2][-]{subsection.5.4}{\376\377\000C\000o\000r\000r\000e\000c\000t\000n\000e\000s\000s}{section.5}% 16
\BOOKMARK [2][-]{subsection.5.5}{\376\377\000R\000e\000s\000u\000l\000t\000s}{section.5}% 17
\BOOKMARK [1][-]{section.6}{\376\377\000C\000a\000n\000d\000i\000d\000a\000t\000e\000\040\0004\000:\000\040\000F\000a\000s\000t\000\040\000C\000o\000m\000m\000i\000t\000\040\000S\000u\000p\000p\000o\000r\000t\000\040\000f\000o\000r\000\040\000f\000a\000l\000l\000o\000c\000a\000t\000e\000\040\000R\000a\000n\000g\000e\000\040\000O\000p\000e\000r\000a\000t\000i\000o\000n\000s}{}% 18
\BOOKMARK [2][-]{subsection.6.1}{\376\377\000I\000n\000t\000u\000i\000t\000i\000o\000n}{section.6}% 19
\BOOKMARK [2][-]{subsection.6.2}{\376\377\000C\000h\000a\000r\000a\000c\000t\000e\000r\000i\000z\000a\000t\000i\000o\000n\000\040\000f\000i\000r\000s\000t}{section.6}% 20
\BOOKMARK [2][-]{subsection.6.3}{\376\377\000C\000o\000d\000e\000\040\000a\000n\000a\000l\000y\000s\000i\000s}{section.6}% 21
\BOOKMARK [2][-]{subsection.6.4}{\376\377\000D\000e\000s\000i\000g\000n\000\040\000a\000n\000d\000\040\000i\000m\000p\000l\000e\000m\000e\000n\000t\000a\000t\000i\000o\000n}{section.6}% 22
\BOOKMARK [2][-]{subsection.6.5}{\376\377\000C\000o\000r\000r\000e\000c\000t\000n\000e\000s\000s}{section.6}% 23
\BOOKMARK [2][-]{subsection.6.6}{\376\377\000R\000e\000s\000u\000l\000t\000s}{section.6}% 24
\BOOKMARK [1][-]{section.7}{\376\377\000C\000a\000n\000d\000i\000d\000a\000t\000e\000\040\0005\000:\000\040\000L\000o\000c\000k\000l\000e\000s\000s\000\040\000C\000A\000S\000\040\000f\000o\000r\000\040\000j\000b\000d\0002\000\137\000l\000o\000g\000\137\000w\000a\000i\000t\000\137\000c\000o\000m\000m\000i\000t\000\040\000\050\000S\000a\000h\000i\000l\000\051}{}% 25
\BOOKMARK [2][-]{subsection.7.1}{\376\377\000A\000n\000a\000l\000y\000z\000i\000n\000g\000\040\000t\000h\000e\000\040\000l\000o\000c\000k\000\040\000l\000a\000t\000e\000n\000c\000y\000\040\000o\000f\000\040\000J\000B\000D\0002}{section.7}% 26
\BOOKMARK [2][-]{subsection.7.2}{\376\377\000I\000d\000e\000n\000t\000i\000f\000y\000i\000n\000g\000\040\000l\000o\000c\000k\000\040\000c\000o\000n\000t\000e\000n\000t\000i\000o\000n\000\040\000t\000i\000m\000e}{section.7}% 27
\BOOKMARK [2][-]{subsection.7.3}{\376\377\000M\000i\000t\000i\000g\000a\000t\000i\000n\000g\000\040\000l\000o\000c\000k\000\040\000c\000o\000n\000t\000e\000n\000t\000i\000o\000n\000\040\000w\000i\000t\000h\000\040\000C\000A\000S\000\040\000s\000y\000n\000c\000h\000r\000o\000n\000i\000z\000a\000t\000i\000o\000n}{section.7}% 28
\BOOKMARK [2][-]{subsection.7.4}{\376\377\000B\000e\000n\000c\000h\000m\000a\000r\000k\000\040\000e\000v\000a\000l\000u\000a\000t\000i\000o\000n\000\040\000a\000n\000d\000\040\000t\000h\000r\000e\000a\000d\000\040\000s\000c\000a\000l\000i\000n\000g}{section.7}% 29
\BOOKMARK [2][-]{subsection.7.5}{\376\377\000R\000e\000p\000r\000o\000d\000u\000c\000t\000i\000o\000n}{section.7}% 30
\BOOKMARK [1][-]{section.8}{\376\377\000C\000a\000n\000d\000i\000d\000a\000t\000e\000\040\0006\000:\000\040\000F\000r\000a\000g\000m\000e\000n\000t\000e\000d\000\040\000J\000o\000u\000r\000n\000a\000l\000\040\000M\000a\000p\000\040\000\050\000F\000J\000M\000\051\000\040\000f\000o\000r\000\040\000e\000x\000t\0004\000\040\000\050\000S\000h\000r\000e\000y\000\051}{}% 31
\BOOKMARK [2][-]{subsection.8.1}{\376\377\000C\000o\000n\000v\000e\000n\000t\000i\000o\000n\000a\000l\000\040\000v\000s\000.\000\040\000f\000r\000a\000g\000m\000e\000n\000t\000e\000d\000\040\000j\000o\000u\000r\000n\000a\000l\000i\000n\000g}{section.8}% 32
\BOOKMARK [2][-]{subsection.8.2}{\376\377\000M\000a\000i\000n\000t\000a\000i\000n\000i\000n\000g\000\040\000t\000h\000e\000\040\000j\000o\000u\000r\000n\000a\000l\000\040\000a\000n\000d\000\040\000c\000i\000r\000c\000u\000l\000a\000r\000\040\000t\000r\000a\000n\000s\000a\000c\000t\000i\000o\000n\000\040\000s\000e\000q\000u\000e\000n\000c\000e}{section.8}% 33
\BOOKMARK [2][-]{subsection.8.3}{\376\377\000F\000r\000a\000g\000m\000e\000n\000t\000e\000d\000\040\000b\000l\000o\000c\000k\000\040\000o\000c\000c\000u\000p\000a\000t\000i\000o\000n}{section.8}% 34
\BOOKMARK [2][-]{subsection.8.4}{\376\377\000J\000o\000u\000r\000n\000a\000l\000\040\000s\000p\000a\000c\000e\000\040\000e\000f\000f\000i\000c\000i\000e\000n\000c\000y}{section.8}% 35
\BOOKMARK [2][-]{subsection.8.5}{\376\377\000R\000e\000d\000u\000n\000d\000a\000n\000c\000y\000\040\000o\000f\000\040\000c\000r\000e\000d\000i\000t\000-\000b\000a\000s\000e\000d\000\040\000r\000e\000s\000e\000r\000v\000a\000t\000i\000o\000n}{section.8}% 36
\BOOKMARK [2][-]{subsection.8.6}{\376\377\000E\000x\000p\000e\000r\000i\000m\000e\000n\000t\000s}{section.8}% 37
\BOOKMARK [2][-]{subsection.8.7}{\376\377\000R\000e\000p\000r\000o\000d\000u\000c\000t\000i\000o\000n}{section.8}% 38
\BOOKMARK [1][-]{section.9}{\376\377\000C\000o\000n\000c\000l\000u\000s\000i\000o\000n}{}% 39
\BOOKMARK [1][-]{appendix.A}{\376\377\000A\000r\000t\000i\000f\000a\000c\000t\000\040\000E\000v\000a\000l\000u\000a\000t\000i\000o\000n}{}% 40
\BOOKMARK [2][-]{subsection.A.1}{\376\377\000A\000r\000t\000i\000f\000a\000c\000t\000\040\000d\000i\000r\000e\000c\000t\000o\000r\000y\000\040\000s\000t\000r\000u\000c\000t\000u\000r\000e}{appendix.A}% 41
\BOOKMARK [2][-]{subsection.A.2}{\376\377\000S\000e\000t\000u\000p}{appendix.A}% 42
\BOOKMARK [2][-]{subsection.A.3}{\376\377\000F\000e\000a\000t\000u\000r\000e\000s\000\040\000s\000u\000p\000p\000o\000r\000t\000e\000d}{appendix.A}% 43
\BOOKMARK [2][-]{subsection.A.4}{\376\377\000A\000s\000s\000u\000m\000p\000t\000i\000o\000n\000s\000\040\000a\000n\000d\000\040\000u\000n\000s\000u\000p\000p\000o\000r\000t\000e\000d}{appendix.A}% 44
\BOOKMARK [2][-]{subsection.A.5}{\376\377\000G\000e\000t\000t\000i\000n\000g\000\040\000s\000t\000a\000r\000t\000e\000d\000\040\000\050\000w\000i\000t\000h\000i\000n\000\040\0003\0000\000\040\000m\000i\000n\000u\000t\000e\000s\000\051}{appendix.A}% 45
\BOOKMARK [2][-]{subsection.A.6}{\376\377\000D\000e\000t\000a\000i\000l\000e\000d\000\040\000e\000v\000a\000l\000u\000a\000t\000i\000o\000n}{appendix.A}% 46
