══════════════════════════════════════════════════════════
  Run 1 / 5
══════════════════════════════════════════════════════════
  [5/5] Results Comparison
  ============================================================

    RUN                  BW(KB/s)       IOPS    P99(ms)  Logical(MB)   Phys(MB)        WAF
    ------------------   --------       ----    -------  -----------   --------        ---
    ordered_std              2773      346.7      1.139          100      250.0      2.50x
    ordered_fjm              2725      340.7      0.063          100      250.0      2.50x
    journal_std              2973      371.7      1.188          100      350.0      3.50x
    journal_fjm              2092      261.6      0.659          100      362.8      3.62x
    writeback_std            2632      329.1       0.06          100      250.0      2.50x
    writeback_fjm            2933      366.7      0.042          100      250.0      2.50x

══════════════════════════════════════════════════════════
  Run 2 / 5
══════════════════════════════════════════════════════════
  [5/5] Results Comparison
  ============================================================

    RUN                  BW(KB/s)       IOPS    P99(ms)  Logical(MB)   Phys(MB)        WAF
    ------------------   --------       ----    -------  -----------   --------        ---
    ordered_std              2614      326.8      0.651          100      250.0      2.50x
    ordered_fjm              2864      358.1       0.07          100      250.0      2.50x
    journal_std              2958      369.8      0.066          100      350.0      3.50x
    journal_fjm              2413      301.7       0.35          100      362.8      3.62x
    writeback_std            2703      338.0      0.044          100      250.0      2.50x
    writeback_fjm            2551      319.0      0.056          100      250.0      2.50x

══════════════════════════════════════════════════════════
  Run 3 / 5
══════════════════════════════════════════════════════════
  [5/5] Results Comparison
  ============================================================

    RUN                  BW(KB/s)       IOPS    P99(ms)  Logical(MB)   Phys(MB)        WAF
    ------------------   --------       ----    -------  -----------   --------        ---
    ordered_std              2990      373.8      0.097          100      250.0      2.50x
    ordered_fjm              2780      347.6      0.051          100      250.0      2.50x
    journal_std              2790      348.8      0.102          100      350.0      3.50x
    journal_fjm              2253      281.7      0.383          100      359.0      3.59x
    writeback_std            2968      371.1      0.043          100      250.0      2.50x
    writeback_fjm            2308      288.6      0.059          100      250.0      2.50x

══════════════════════════════════════════════════════════
  Run 4 / 5
══════════════════════════════════════════════════════════
  [5/5] Results Comparison
  ============================================================

    RUN                  BW(KB/s)       IOPS    P99(ms)  Logical(MB)   Phys(MB)        WAF
    ------------------   --------       ----    -------  -----------   --------        ---
    ordered_std              2114      264.4      0.111          100      250.0      2.50x
    ordered_fjm              2831      354.0      0.041          100      250.0      2.50x
    journal_std              2851      356.5        0.1          100      350.0      3.50x
    journal_fjm              2413      301.7      0.383          100      362.7      3.62x
    writeback_std            2580      322.6      0.078          100      250.0      2.50x
    writeback_fjm            2891      361.4      0.049          100      250.0      2.50x

══════════════════════════════════════════════════════════
  Run 5 / 5
══════════════════════════════════════════════════════════
  [5/5] Results Comparison
  ============================================================

    RUN                  BW(KB/s)       IOPS    P99(ms)  Logical(MB)   Phys(MB)        WAF
    ------------------   --------       ----    -------  -----------   --------        ---
    ordered_std              2877      359.7      0.049          100      250.0      2.50x
    ordered_fjm              2935      367.0      0.042          100      250.0      2.50x
    journal_std              3021      377.6      0.052          100      350.0      3.50x
    journal_fjm              2334      291.8      0.346          100      359.1      3.59x
    writeback_std            2978      372.3      0.045          100      250.0      2.50x
    writeback_fjm            2894      361.8      0.039          100      250.0      2.50x